Archive member included to satisfy reference by file (symbol)

/usr/local/Cellar/avr-gcc@9/9.4.0/lib/avr-gcc/9/gcc/avr/9.4.0/avr5/libgcc.a(_exit.o)
                              /usr/local/Cellar/avr-gcc@9/9.4.0/lib/avr-gcc/9/gcc/avr/9.4.0/../../../../../../avr/lib/avr5/crtatmega32.o (exit)
/usr/local/Cellar/avr-gcc@9/9.4.0/lib/avr-gcc/9/gcc/avr/9.4.0/avr5/libgcc.a(_copy_data.o)
                              ./MCAL/Timer1/Timer1.o (__do_copy_data)
/usr/local/Cellar/avr-gcc@9/9.4.0/lib/avr-gcc/9/gcc/avr/9.4.0/avr5/libgcc.a(_clear_bss.o)
                              ./MCAL/Timer1/Timer1.o (__do_clear_bss)
/usr/local/Cellar/avr-gcc@9/9.4.0/lib/avr-gcc/9/gcc/avr/9.4.0/avr5/libgcc.a(_muluhisi3.o)
                              ./HAL/LDR/LDR.o (__muluhisi3)
/usr/local/Cellar/avr-gcc@9/9.4.0/lib/avr-gcc/9/gcc/avr/9.4.0/avr5/libgcc.a(_umulhisi3.o)
                              /usr/local/Cellar/avr-gcc@9/9.4.0/lib/avr-gcc/9/gcc/avr/9.4.0/avr5/libgcc.a(_muluhisi3.o) (__umulhisi3)
/usr/local/Cellar/avr-gcc@9/9.4.0/lib/avr-gcc/9/gcc/avr/9.4.0/../../../../../../avr/lib/avr5/libm.a(addsf3.o)
                              ./MCAL/Timer1/Timer1.o (__subsf3)
/usr/local/Cellar/avr-gcc@9/9.4.0/lib/avr-gcc/9/gcc/avr/9.4.0/../../../../../../avr/lib/avr5/libm.a(addsf3x.o)
                              /usr/local/Cellar/avr-gcc@9/9.4.0/lib/avr-gcc/9/gcc/avr/9.4.0/../../../../../../avr/lib/avr5/libm.a(addsf3.o) (__addsf3x)
/usr/local/Cellar/avr-gcc@9/9.4.0/lib/avr-gcc/9/gcc/avr/9.4.0/../../../../../../avr/lib/avr5/libm.a(cmpsf2.o)
                              ./MCAL/Timer1/Timer1.o (__ltsf2)
/usr/local/Cellar/avr-gcc@9/9.4.0/lib/avr-gcc/9/gcc/avr/9.4.0/../../../../../../avr/lib/avr5/libm.a(divsf3.o)
                              ./MCAL/Timer1/Timer1.o (__divsf3)
/usr/local/Cellar/avr-gcc@9/9.4.0/lib/avr-gcc/9/gcc/avr/9.4.0/../../../../../../avr/lib/avr5/libm.a(divsf3x.o)
                              /usr/local/Cellar/avr-gcc@9/9.4.0/lib/avr-gcc/9/gcc/avr/9.4.0/../../../../../../avr/lib/avr5/libm.a(divsf3.o) (__divsf3x)
/usr/local/Cellar/avr-gcc@9/9.4.0/lib/avr-gcc/9/gcc/avr/9.4.0/../../../../../../avr/lib/avr5/libm.a(fixunssfsi.o)
                              ./MCAL/Timer1/Timer1.o (__fixunssfsi)
/usr/local/Cellar/avr-gcc@9/9.4.0/lib/avr-gcc/9/gcc/avr/9.4.0/../../../../../../avr/lib/avr5/libm.a(floatsisf.o)
                              ./MCAL/Timer1/Timer1.o (__floatunsisf)
/usr/local/Cellar/avr-gcc@9/9.4.0/lib/avr-gcc/9/gcc/avr/9.4.0/../../../../../../avr/lib/avr5/libm.a(fp_cmp.o)
                              /usr/local/Cellar/avr-gcc@9/9.4.0/lib/avr-gcc/9/gcc/avr/9.4.0/../../../../../../avr/lib/avr5/libm.a(cmpsf2.o) (__fp_cmp)
/usr/local/Cellar/avr-gcc@9/9.4.0/lib/avr-gcc/9/gcc/avr/9.4.0/../../../../../../avr/lib/avr5/libm.a(fp_inf.o)
                              /usr/local/Cellar/avr-gcc@9/9.4.0/lib/avr-gcc/9/gcc/avr/9.4.0/../../../../../../avr/lib/avr5/libm.a(addsf3x.o) (__fp_inf)
/usr/local/Cellar/avr-gcc@9/9.4.0/lib/avr-gcc/9/gcc/avr/9.4.0/../../../../../../avr/lib/avr5/libm.a(fp_nan.o)
                              /usr/local/Cellar/avr-gcc@9/9.4.0/lib/avr-gcc/9/gcc/avr/9.4.0/../../../../../../avr/lib/avr5/libm.a(addsf3x.o) (__fp_nan)
/usr/local/Cellar/avr-gcc@9/9.4.0/lib/avr-gcc/9/gcc/avr/9.4.0/../../../../../../avr/lib/avr5/libm.a(fp_pscA.o)
                              /usr/local/Cellar/avr-gcc@9/9.4.0/lib/avr-gcc/9/gcc/avr/9.4.0/../../../../../../avr/lib/avr5/libm.a(addsf3x.o) (__fp_pscA)
/usr/local/Cellar/avr-gcc@9/9.4.0/lib/avr-gcc/9/gcc/avr/9.4.0/../../../../../../avr/lib/avr5/libm.a(fp_pscB.o)
                              /usr/local/Cellar/avr-gcc@9/9.4.0/lib/avr-gcc/9/gcc/avr/9.4.0/../../../../../../avr/lib/avr5/libm.a(addsf3x.o) (__fp_pscB)
/usr/local/Cellar/avr-gcc@9/9.4.0/lib/avr-gcc/9/gcc/avr/9.4.0/../../../../../../avr/lib/avr5/libm.a(fp_round.o)
                              /usr/local/Cellar/avr-gcc@9/9.4.0/lib/avr-gcc/9/gcc/avr/9.4.0/../../../../../../avr/lib/avr5/libm.a(addsf3.o) (__fp_round)
/usr/local/Cellar/avr-gcc@9/9.4.0/lib/avr-gcc/9/gcc/avr/9.4.0/../../../../../../avr/lib/avr5/libm.a(fp_split3.o)
                              /usr/local/Cellar/avr-gcc@9/9.4.0/lib/avr-gcc/9/gcc/avr/9.4.0/../../../../../../avr/lib/avr5/libm.a(addsf3x.o) (__fp_split3)
/usr/local/Cellar/avr-gcc@9/9.4.0/lib/avr-gcc/9/gcc/avr/9.4.0/../../../../../../avr/lib/avr5/libm.a(fp_zero.o)
                              /usr/local/Cellar/avr-gcc@9/9.4.0/lib/avr-gcc/9/gcc/avr/9.4.0/../../../../../../avr/lib/avr5/libm.a(addsf3x.o) (__fp_zero)
/usr/local/Cellar/avr-gcc@9/9.4.0/lib/avr-gcc/9/gcc/avr/9.4.0/../../../../../../avr/lib/avr5/libm.a(gesf2.o)
                              ./MCAL/Timer1/Timer1.o (__gtsf2)
/usr/local/Cellar/avr-gcc@9/9.4.0/lib/avr-gcc/9/gcc/avr/9.4.0/../../../../../../avr/lib/avr5/libm.a(mulsf3.o)
                              ./MCAL/Timer1/Timer1.o (__mulsf3)
/usr/local/Cellar/avr-gcc@9/9.4.0/lib/avr-gcc/9/gcc/avr/9.4.0/../../../../../../avr/lib/avr5/libm.a(mulsf3x.o)
                              /usr/local/Cellar/avr-gcc@9/9.4.0/lib/avr-gcc/9/gcc/avr/9.4.0/../../../../../../avr/lib/avr5/libm.a(mulsf3.o) (__mulsf3x)
/usr/local/Cellar/avr-gcc@9/9.4.0/lib/avr-gcc/9/gcc/avr/9.4.0/../../../../../../avr/lib/avr5/libc.a(itoa.o)
                              ./HAL/LCD/AVR_LCD.o (itoa)
/usr/local/Cellar/avr-gcc@9/9.4.0/lib/avr-gcc/9/gcc/avr/9.4.0/../../../../../../avr/lib/avr5/libc.a(itoa_ncheck.o)
                              /usr/local/Cellar/avr-gcc@9/9.4.0/lib/avr-gcc/9/gcc/avr/9.4.0/../../../../../../avr/lib/avr5/libc.a(itoa.o) (__itoa_ncheck)
/usr/local/Cellar/avr-gcc@9/9.4.0/lib/avr-gcc/9/gcc/avr/9.4.0/../../../../../../avr/lib/avr5/libc.a(utoa_ncheck.o)
                              /usr/local/Cellar/avr-gcc@9/9.4.0/lib/avr-gcc/9/gcc/avr/9.4.0/../../../../../../avr/lib/avr5/libc.a(itoa_ncheck.o) (__utoa_common)
/usr/local/Cellar/avr-gcc@9/9.4.0/lib/avr-gcc/9/gcc/avr/9.4.0/../../../../../../avr/lib/avr5/libc.a(strrev.o)
                              /usr/local/Cellar/avr-gcc@9/9.4.0/lib/avr-gcc/9/gcc/avr/9.4.0/../../../../../../avr/lib/avr5/libc.a(utoa_ncheck.o) (strrev)

Allocating common symbols
Common symbol       size              file

digitsArray         0x4               ./Application/App.o
g_NowFiredAlarm     0x1               ./Application/App.o
g_ADCBuffer         0x2               ./MCAL/ADC/Adc.o

Memory Configuration

Name             Origin             Length             Attributes
text             0x00000000         0x00020000         xr
data             0x00800060         0x0000ffa0         rw!x
eeprom           0x00810000         0x00010000         rw!x
fuse             0x00820000         0x00000002         rw!x
lock             0x00830000         0x00000400         rw!x
signature        0x00840000         0x00000400         rw!x
user_signatures  0x00850000         0x00000400         rw!x
*default*        0x00000000         0xffffffff

Linker script and memory map

LOAD /usr/local/Cellar/avr-gcc@9/9.4.0/lib/avr-gcc/9/gcc/avr/9.4.0/../../../../../../avr/lib/avr5/crtatmega32.o
LOAD ./MCAL/Timer1/Timer1.o
LOAD ./MCAL/Timer0/Timer0.o
LOAD ./MCAL/Interrupt/atmega32_Interrupts.o
LOAD ./MCAL/DIO/atmega32_DIO.o
LOAD ./MCAL/ADC/Adc.o
LOAD ./HAL/LED/LED.o
LOAD ./HAL/LDR/LDR.o
LOAD ./HAL/LCD/AVR_LCD.o
LOAD ./HAL/Keypad/keypad.o
LOAD ./HAL/Button/Button.o
LOAD ./HAL/BUZZER/Buzzer.o
LOAD ./Application/App.o
LOAD ./main.o
START GROUP
LOAD /usr/local/Cellar/avr-gcc@9/9.4.0/lib/avr-gcc/9/gcc/avr/9.4.0/avr5/libgcc.a
LOAD /usr/local/Cellar/avr-gcc@9/9.4.0/lib/avr-gcc/9/gcc/avr/9.4.0/../../../../../../avr/lib/avr5/libm.a
LOAD /usr/local/Cellar/avr-gcc@9/9.4.0/lib/avr-gcc/9/gcc/avr/9.4.0/../../../../../../avr/lib/avr5/libc.a
LOAD /usr/local/Cellar/avr-gcc@9/9.4.0/lib/avr-gcc/9/gcc/avr/9.4.0/../../../../../../avr/lib/avr5/libatmega32.a
END GROUP
                0x00020000                        __TEXT_REGION_LENGTH__ = DEFINED (__TEXT_REGION_LENGTH__)?__TEXT_REGION_LENGTH__:0x20000
                0x00800060                        __DATA_REGION_ORIGIN__ = DEFINED (__DATA_REGION_ORIGIN__)?__DATA_REGION_ORIGIN__:0x800060
                0x0000ffa0                        __DATA_REGION_LENGTH__ = DEFINED (__DATA_REGION_LENGTH__)?__DATA_REGION_LENGTH__:0xffa0
                0x00010000                        __EEPROM_REGION_LENGTH__ = DEFINED (__EEPROM_REGION_LENGTH__)?__EEPROM_REGION_LENGTH__:0x10000
                [0x00000002]                      __FUSE_REGION_LENGTH__ = DEFINED (__FUSE_REGION_LENGTH__)?__FUSE_REGION_LENGTH__:0x400
                0x00000400                        __LOCK_REGION_LENGTH__ = DEFINED (__LOCK_REGION_LENGTH__)?__LOCK_REGION_LENGTH__:0x400
                0x00000400                        __SIGNATURE_REGION_LENGTH__ = DEFINED (__SIGNATURE_REGION_LENGTH__)?__SIGNATURE_REGION_LENGTH__:0x400
                0x00000400                        __USER_SIGNATURE_REGION_LENGTH__ = DEFINED (__USER_SIGNATURE_REGION_LENGTH__)?__USER_SIGNATURE_REGION_LENGTH__:0x400

.hash
 *(.hash)

.dynsym
 *(.dynsym)

.dynstr
 *(.dynstr)

.gnu.version
 *(.gnu.version)

.gnu.version_d
 *(.gnu.version_d)

.gnu.version_r
 *(.gnu.version_r)

.rel.init
 *(.rel.init)

.rela.init
 *(.rela.init)

.rel.text
 *(.rel.text)
 *(.rel.text.*)
 *(.rel.gnu.linkonce.t*)

.rela.text
 *(.rela.text)
 *(.rela.text.*)
 *(.rela.gnu.linkonce.t*)

.rel.fini
 *(.rel.fini)

.rela.fini
 *(.rela.fini)

.rel.rodata
 *(.rel.rodata)
 *(.rel.rodata.*)
 *(.rel.gnu.linkonce.r*)

.rela.rodata
 *(.rela.rodata)
 *(.rela.rodata.*)
 *(.rela.gnu.linkonce.r*)

.rel.data
 *(.rel.data)
 *(.rel.data.*)
 *(.rel.gnu.linkonce.d*)

.rela.data
 *(.rela.data)
 *(.rela.data.*)
 *(.rela.gnu.linkonce.d*)

.rel.ctors
 *(.rel.ctors)

.rela.ctors
 *(.rela.ctors)

.rel.dtors
 *(.rel.dtors)

.rela.dtors
 *(.rela.dtors)

.rel.got
 *(.rel.got)

.rela.got
 *(.rela.got)

.rel.bss
 *(.rel.bss)

.rela.bss
 *(.rela.bss)

.rel.plt
 *(.rel.plt)

.rela.plt
 *(.rela.plt)

.text           0x00000000     0x71e8
 *(.vectors)
 .vectors       0x00000000       0x54 /usr/local/Cellar/avr-gcc@9/9.4.0/lib/avr-gcc/9/gcc/avr/9.4.0/../../../../../../avr/lib/avr5/crtatmega32.o
                0x00000000                __vectors
                0x00000000                __vector_default
 *(.vectors)
 *(.progmem.gcc*)
                0x00000054                        . = ALIGN (0x2)
                0x00000054                        __trampolines_start = .
 *(.trampolines)
 .trampolines   0x00000054        0x0 linker stubs
 *(.trampolines*)
                0x00000054                        __trampolines_end = .
 *libprintf_flt.a:*(.progmem.data)
 *libc.a:*(.progmem.data)
 *(.progmem.*)
                0x00000054                        . = ALIGN (0x2)
 *(.lowtext)
 *(.lowtext*)
                0x00000054                        __ctors_start = .
 *(.ctors)
                0x00000054                        __ctors_end = .
                0x00000054                        __dtors_start = .
 *(.dtors)
                0x00000054                        __dtors_end = .
 SORT_BY_NAME(*)(.ctors)
 SORT_BY_NAME(*)(.dtors)
 *(.init0)
 .init0         0x00000054        0x0 /usr/local/Cellar/avr-gcc@9/9.4.0/lib/avr-gcc/9/gcc/avr/9.4.0/../../../../../../avr/lib/avr5/crtatmega32.o
                0x00000054                __init
 *(.init0)
 *(.init1)
 *(.init1)
 *(.init2)
 .init2         0x00000054        0xc /usr/local/Cellar/avr-gcc@9/9.4.0/lib/avr-gcc/9/gcc/avr/9.4.0/../../../../../../avr/lib/avr5/crtatmega32.o
 *(.init2)
 *(.init3)
 *(.init3)
 *(.init4)
 .init4         0x00000060       0x16 /usr/local/Cellar/avr-gcc@9/9.4.0/lib/avr-gcc/9/gcc/avr/9.4.0/avr5/libgcc.a(_copy_data.o)
                0x00000060                __do_copy_data
 .init4         0x00000076       0x10 /usr/local/Cellar/avr-gcc@9/9.4.0/lib/avr-gcc/9/gcc/avr/9.4.0/avr5/libgcc.a(_clear_bss.o)
                0x00000076                __do_clear_bss
 *(.init4)
 *(.init5)
 *(.init5)
 *(.init6)
 *(.init6)
 *(.init7)
 *(.init7)
 *(.init8)
 *(.init8)
 *(.init9)
 .init9         0x00000086        0x8 /usr/local/Cellar/avr-gcc@9/9.4.0/lib/avr-gcc/9/gcc/avr/9.4.0/../../../../../../avr/lib/avr5/crtatmega32.o
 *(.init9)
 *(.text)
 .text          0x0000008e        0x4 /usr/local/Cellar/avr-gcc@9/9.4.0/lib/avr-gcc/9/gcc/avr/9.4.0/../../../../../../avr/lib/avr5/crtatmega32.o
                0x0000008e                __vector_20
                0x0000008e                __vector_12
                0x0000008e                __bad_interrupt
                0x0000008e                __vector_3
                0x0000008e                __vector_13
                0x0000008e                __vector_17
                0x0000008e                __vector_19
                0x0000008e                __vector_5
                0x0000008e                __vector_4
                0x0000008e                __vector_2
                0x0000008e                __vector_15
                0x0000008e                __vector_14
                0x0000008e                __vector_18
                0x0000008e                __vector_1
 .text          0x00000092        0x0 ./MCAL/Timer1/Timer1.o
 .text          0x00000092        0x0 ./MCAL/Timer0/Timer0.o
 .text          0x00000092        0x0 ./MCAL/Interrupt/atmega32_Interrupts.o
 .text          0x00000092        0x0 ./MCAL/DIO/atmega32_DIO.o
 .text          0x00000092        0x0 ./MCAL/ADC/Adc.o
 .text          0x00000092        0x0 ./HAL/LED/LED.o
 .text          0x00000092        0x0 ./HAL/LDR/LDR.o
 .text          0x00000092        0x0 ./HAL/LCD/AVR_LCD.o
 .text          0x00000092        0x0 ./HAL/Keypad/keypad.o
 .text          0x00000092        0x0 ./HAL/Button/Button.o
 .text          0x00000092        0x0 ./HAL/BUZZER/Buzzer.o
 .text          0x00000092        0x0 ./Application/App.o
 .text          0x00000092        0x0 ./main.o
 .text          0x00000092        0x0 /usr/local/Cellar/avr-gcc@9/9.4.0/lib/avr-gcc/9/gcc/avr/9.4.0/avr5/libgcc.a(_exit.o)
 .text          0x00000092        0x0 /usr/local/Cellar/avr-gcc@9/9.4.0/lib/avr-gcc/9/gcc/avr/9.4.0/avr5/libgcc.a(_copy_data.o)
 .text          0x00000092        0x0 /usr/local/Cellar/avr-gcc@9/9.4.0/lib/avr-gcc/9/gcc/avr/9.4.0/avr5/libgcc.a(_clear_bss.o)
 .text          0x00000092        0x0 /usr/local/Cellar/avr-gcc@9/9.4.0/lib/avr-gcc/9/gcc/avr/9.4.0/avr5/libgcc.a(_muluhisi3.o)
 .text          0x00000092        0x0 /usr/local/Cellar/avr-gcc@9/9.4.0/lib/avr-gcc/9/gcc/avr/9.4.0/avr5/libgcc.a(_umulhisi3.o)
 .text          0x00000092        0x0 /usr/local/Cellar/avr-gcc@9/9.4.0/lib/avr-gcc/9/gcc/avr/9.4.0/../../../../../../avr/lib/avr5/libm.a(addsf3.o)
 .text          0x00000092        0x0 /usr/local/Cellar/avr-gcc@9/9.4.0/lib/avr-gcc/9/gcc/avr/9.4.0/../../../../../../avr/lib/avr5/libm.a(addsf3x.o)
 .text          0x00000092        0x0 /usr/local/Cellar/avr-gcc@9/9.4.0/lib/avr-gcc/9/gcc/avr/9.4.0/../../../../../../avr/lib/avr5/libm.a(cmpsf2.o)
 .text          0x00000092        0x0 /usr/local/Cellar/avr-gcc@9/9.4.0/lib/avr-gcc/9/gcc/avr/9.4.0/../../../../../../avr/lib/avr5/libm.a(divsf3.o)
 .text          0x00000092        0x0 /usr/local/Cellar/avr-gcc@9/9.4.0/lib/avr-gcc/9/gcc/avr/9.4.0/../../../../../../avr/lib/avr5/libm.a(divsf3x.o)
 .text          0x00000092        0x0 /usr/local/Cellar/avr-gcc@9/9.4.0/lib/avr-gcc/9/gcc/avr/9.4.0/../../../../../../avr/lib/avr5/libm.a(fixunssfsi.o)
 .text          0x00000092        0x0 /usr/local/Cellar/avr-gcc@9/9.4.0/lib/avr-gcc/9/gcc/avr/9.4.0/../../../../../../avr/lib/avr5/libm.a(floatsisf.o)
 .text          0x00000092        0x0 /usr/local/Cellar/avr-gcc@9/9.4.0/lib/avr-gcc/9/gcc/avr/9.4.0/../../../../../../avr/lib/avr5/libm.a(fp_cmp.o)
 .text          0x00000092        0x0 /usr/local/Cellar/avr-gcc@9/9.4.0/lib/avr-gcc/9/gcc/avr/9.4.0/../../../../../../avr/lib/avr5/libm.a(fp_inf.o)
 .text          0x00000092        0x0 /usr/local/Cellar/avr-gcc@9/9.4.0/lib/avr-gcc/9/gcc/avr/9.4.0/../../../../../../avr/lib/avr5/libm.a(fp_nan.o)
 .text          0x00000092        0x0 /usr/local/Cellar/avr-gcc@9/9.4.0/lib/avr-gcc/9/gcc/avr/9.4.0/../../../../../../avr/lib/avr5/libm.a(fp_pscA.o)
 .text          0x00000092        0x0 /usr/local/Cellar/avr-gcc@9/9.4.0/lib/avr-gcc/9/gcc/avr/9.4.0/../../../../../../avr/lib/avr5/libm.a(fp_pscB.o)
 .text          0x00000092        0x0 /usr/local/Cellar/avr-gcc@9/9.4.0/lib/avr-gcc/9/gcc/avr/9.4.0/../../../../../../avr/lib/avr5/libm.a(fp_round.o)
 .text          0x00000092        0x0 /usr/local/Cellar/avr-gcc@9/9.4.0/lib/avr-gcc/9/gcc/avr/9.4.0/../../../../../../avr/lib/avr5/libm.a(fp_split3.o)
 .text          0x00000092        0x0 /usr/local/Cellar/avr-gcc@9/9.4.0/lib/avr-gcc/9/gcc/avr/9.4.0/../../../../../../avr/lib/avr5/libm.a(fp_zero.o)
 .text          0x00000092        0x0 /usr/local/Cellar/avr-gcc@9/9.4.0/lib/avr-gcc/9/gcc/avr/9.4.0/../../../../../../avr/lib/avr5/libm.a(gesf2.o)
 .text          0x00000092        0x0 /usr/local/Cellar/avr-gcc@9/9.4.0/lib/avr-gcc/9/gcc/avr/9.4.0/../../../../../../avr/lib/avr5/libm.a(mulsf3.o)
 .text          0x00000092        0x0 /usr/local/Cellar/avr-gcc@9/9.4.0/lib/avr-gcc/9/gcc/avr/9.4.0/../../../../../../avr/lib/avr5/libm.a(mulsf3x.o)
 .text          0x00000092        0x0 /usr/local/Cellar/avr-gcc@9/9.4.0/lib/avr-gcc/9/gcc/avr/9.4.0/../../../../../../avr/lib/avr5/libc.a(itoa.o)
 .text          0x00000092        0x0 /usr/local/Cellar/avr-gcc@9/9.4.0/lib/avr-gcc/9/gcc/avr/9.4.0/../../../../../../avr/lib/avr5/libc.a(itoa_ncheck.o)
 .text          0x00000092        0x0 /usr/local/Cellar/avr-gcc@9/9.4.0/lib/avr-gcc/9/gcc/avr/9.4.0/../../../../../../avr/lib/avr5/libc.a(utoa_ncheck.o)
 .text          0x00000092        0x0 /usr/local/Cellar/avr-gcc@9/9.4.0/lib/avr-gcc/9/gcc/avr/9.4.0/../../../../../../avr/lib/avr5/libc.a(strrev.o)
                0x00000092                        . = ALIGN (0x2)
 *(.text.*)
 .text.TIMER1_uint16CalculateTimer1PreloadVal
                0x00000092      0x1e2 ./MCAL/Timer1/Timer1.o
 .text.TIMER1_uint8SetDutyCycleChA
                0x00000274       0x34 ./MCAL/Timer1/Timer1.o
 .text.TIMER1_uint8SetDutyCycleChB
                0x000002a8       0x34 ./MCAL/Timer1/Timer1.o
 .text.TIMER1_vidInit
                0x000002dc      0x140 ./MCAL/Timer1/Timer1.o
                0x000002dc                TIMER1_vidInit
 .text.TIMER1_vidStart
                0x0000041c       0x34 ./MCAL/Timer1/Timer1.o
                0x0000041c                TIMER1_vidStart
 .text.TIMER1_vidStop
                0x00000450       0x22 ./MCAL/Timer1/Timer1.o
                0x00000450                TIMER1_vidStop
 .text.TIMER1_vidSetPreloadValue
                0x00000472       0x28 ./MCAL/Timer1/Timer1.o
                0x00000472                TIMER1_vidSetPreloadValue
 .text.TIMER1_vidSetCompareMatchAValue
                0x0000049a       0x28 ./MCAL/Timer1/Timer1.o
                0x0000049a                TIMER1_vidSetCompareMatchAValue
 .text.TIMER1_vidSetCompareMatchBValue
                0x000004c2       0x28 ./MCAL/Timer1/Timer1.o
                0x000004c2                TIMER1_vidSetCompareMatchBValue
 .text.TIMER1_vidSetInputCaptureValue
                0x000004ea       0x28 ./MCAL/Timer1/Timer1.o
                0x000004ea                TIMER1_vidSetInputCaptureValue
 .text.TIMER1_uint16ReadTimerValue
                0x00000512       0x18 ./MCAL/Timer1/Timer1.o
                0x00000512                TIMER1_uint16ReadTimerValue
 .text.TIMER1_uint16ReadInputCaptureValue
                0x0000052a       0x18 ./MCAL/Timer1/Timer1.o
                0x0000052a                TIMER1_uint16ReadInputCaptureValue
 .text.TIMER1_vidEnableOverflowInterrupt
                0x00000542       0x22 ./MCAL/Timer1/Timer1.o
                0x00000542                TIMER1_vidEnableOverflowInterrupt
 .text.TIMER1_vidDisableOverflowInterrupt
                0x00000564       0x22 ./MCAL/Timer1/Timer1.o
                0x00000564                TIMER1_vidDisableOverflowInterrupt
 .text.TIMER1_vidEnableCompareMatchAInterrupt
                0x00000586       0x22 ./MCAL/Timer1/Timer1.o
                0x00000586                TIMER1_vidEnableCompareMatchAInterrupt
 .text.TIMER1_vidDisableCompareMatchAInterrupt
                0x000005a8       0x22 ./MCAL/Timer1/Timer1.o
                0x000005a8                TIMER1_vidDisableCompareMatchAInterrupt
 .text.TIMER1_vidEnableCompareMatchBInterrupt
                0x000005ca       0x22 ./MCAL/Timer1/Timer1.o
                0x000005ca                TIMER1_vidEnableCompareMatchBInterrupt
 .text.TIMER1_vidDisableCompareMatchBInterrupt
                0x000005ec       0x22 ./MCAL/Timer1/Timer1.o
                0x000005ec                TIMER1_vidDisableCompareMatchBInterrupt
 .text.TIMER1_vidEnableCaptureEventInterrupt
                0x0000060e       0x22 ./MCAL/Timer1/Timer1.o
                0x0000060e                TIMER1_vidEnableCaptureEventInterrupt
 .text.TIMER1_vidDisableCaptureEventInterrupt
                0x00000630       0x22 ./MCAL/Timer1/Timer1.o
                0x00000630                TIMER1_vidDisableCaptureEventInterrupt
 .text.TIMER1_uint8SetInputCaptureEventEdge
                0x00000652       0x68 ./MCAL/Timer1/Timer1.o
                0x00000652                TIMER1_uint8SetInputCaptureEventEdge
 .text.TIMER1_uint8SetOverflowCallback
                0x000006ba       0x3a ./MCAL/Timer1/Timer1.o
                0x000006ba                TIMER1_uint8SetOverflowCallback
 .text.TIMER1_uint8SetCompareMatchACallback
                0x000006f4       0x3a ./MCAL/Timer1/Timer1.o
                0x000006f4                TIMER1_uint8SetCompareMatchACallback
 .text.TIMER1_uint8SetCompareMatchBCallback
                0x0000072e       0x3a ./MCAL/Timer1/Timer1.o
                0x0000072e                TIMER1_uint8SetCompareMatchBCallback
 .text.TIMER1_uint8SetCaptureEventCallback
                0x00000768       0x3a ./MCAL/Timer1/Timer1.o
                0x00000768                TIMER1_uint8SetCaptureEventCallback
 .text.TIMER1_uint8SetBusyWait_ms
                0x000007a2      0x11a ./MCAL/Timer1/Timer1.o
                0x000007a2                TIMER1_uint8SetBusyWait_ms
 .text.TIMER1_uint8StartPWMChannelA
                0x000008bc       0x30 ./MCAL/Timer1/Timer1.o
                0x000008bc                TIMER1_uint8StartPWMChannelA
 .text.TIMER1_uint8StartPWMChannelB
                0x000008ec       0x30 ./MCAL/Timer1/Timer1.o
                0x000008ec                TIMER1_uint8StartPWMChannelB
 .text.__vector_6
                0x0000091c       0x6a ./MCAL/Timer1/Timer1.o
                0x0000091c                __vector_6
 .text.__vector_7
                0x00000986       0x6a ./MCAL/Timer1/Timer1.o
                0x00000986                __vector_7
 .text.__vector_8
                0x000009f0       0x6a ./MCAL/Timer1/Timer1.o
                0x000009f0                __vector_8
 .text.__vector_9
                0x00000a5a       0x6a ./MCAL/Timer1/Timer1.o
                0x00000a5a                __vector_9
 .text.TIMER0_u8CalculateTimer0PreloadVal
                0x00000ac4      0x1c4 ./MCAL/Timer0/Timer0.o
 .text.TIMER0_u8SetDutyCycle
                0x00000c88       0xd6 ./MCAL/Timer0/Timer0.o
                0x00000c88                TIMER0_u8SetDutyCycle
 .text.TIMER0_vidInit
                0x00000d5e       0x7c ./MCAL/Timer0/Timer0.o
                0x00000d5e                TIMER0_vidInit
 .text.TIMER0_vidStart
                0x00000dda       0x34 ./MCAL/Timer0/Timer0.o
                0x00000dda                TIMER0_vidStart
 .text.TIMER0_vidStop
                0x00000e0e       0x22 ./MCAL/Timer0/Timer0.o
                0x00000e0e                TIMER0_vidStop
 .text.TIMER0_vidSetPreloadValue
                0x00000e30       0x20 ./MCAL/Timer0/Timer0.o
                0x00000e30                TIMER0_vidSetPreloadValue
 .text.TIMER0_vidSetCompareMatchValue
                0x00000e50       0x20 ./MCAL/Timer0/Timer0.o
                0x00000e50                TIMER0_vidSetCompareMatchValue
 .text.TIMER0_u8ReadTimerValue
                0x00000e70       0x16 ./MCAL/Timer0/Timer0.o
                0x00000e70                TIMER0_u8ReadTimerValue
 .text.TIMER0_vidEnableOverflowInterrupt
                0x00000e86       0x22 ./MCAL/Timer0/Timer0.o
                0x00000e86                TIMER0_vidEnableOverflowInterrupt
 .text.TIMER0_vidDisableOverflowInterrupt
                0x00000ea8       0x22 ./MCAL/Timer0/Timer0.o
                0x00000ea8                TIMER0_vidDisableOverflowInterrupt
 .text.TIMER0_vidEnableCompareMatchInterrupt
                0x00000eca       0x22 ./MCAL/Timer0/Timer0.o
                0x00000eca                TIMER0_vidEnableCompareMatchInterrupt
 .text.TIMER0_vidDisableCompareMatchInterrupt
                0x00000eec       0x22 ./MCAL/Timer0/Timer0.o
                0x00000eec                TIMER0_vidDisableCompareMatchInterrupt
 .text.TIMER0_u8SetOverflowCallback
                0x00000f0e       0x3a ./MCAL/Timer0/Timer0.o
                0x00000f0e                TIMER0_u8SetOverflowCallback
 .text.TIMER0_u8SetCompareMatchCallback
                0x00000f48       0x3a ./MCAL/Timer0/Timer0.o
                0x00000f48                TIMER0_u8SetCompareMatchCallback
 .text.TIMER0_u8SetBusyWait_ms
                0x00000f82      0x120 ./MCAL/Timer0/Timer0.o
                0x00000f82                TIMER0_u8SetBusyWait_ms
 .text.TIMER0_u8StartPWM
                0x000010a2       0x30 ./MCAL/Timer0/Timer0.o
                0x000010a2                TIMER0_u8StartPWM
 .text.TIMER0_vidClearOvfFlag
                0x000010d2       0x22 ./MCAL/Timer0/Timer0.o
                0x000010d2                TIMER0_vidClearOvfFlag
 .text.__vector_11
                0x000010f4       0x6a ./MCAL/Timer0/Timer0.o
                0x000010f4                __vector_11
 .text.__vector_10
                0x0000115e       0x6a ./MCAL/Timer0/Timer0.o
                0x0000115e                __vector_10
 .text.GlobalInterrupt_enable
                0x000011c8       0x22 ./MCAL/Interrupt/atmega32_Interrupts.o
                0x000011c8                GlobalInterrupt_enable
 .text.Ext_Int0_Enable
                0x000011ea       0x52 ./MCAL/Interrupt/atmega32_Interrupts.o
                0x000011ea                Ext_Int0_Enable
 .text.Ext_Int0_Disable
                0x0000123c       0x22 ./MCAL/Interrupt/atmega32_Interrupts.o
                0x0000123c                Ext_Int0_Disable
 .text.Ext_Int1_Enable
                0x0000125e       0x5c ./MCAL/Interrupt/atmega32_Interrupts.o
                0x0000125e                Ext_Int1_Enable
 .text.Ext_Int1_Disable
                0x000012ba       0x22 ./MCAL/Interrupt/atmega32_Interrupts.o
                0x000012ba                Ext_Int1_Disable
 .text.Ext_Int2_Enable
                0x000012dc       0x62 ./MCAL/Interrupt/atmega32_Interrupts.o
                0x000012dc                Ext_Int2_Enable
 .text.Ext_Int2_Disable
                0x0000133e       0x22 ./MCAL/Interrupt/atmega32_Interrupts.o
                0x0000133e                Ext_Int2_Disable
 .text.DIO_setupPinDirection
                0x00001360      0x1e2 ./MCAL/DIO/atmega32_DIO.o
                0x00001360                DIO_setupPinDirection
 .text.DIO_setupPortDirection
                0x00001542       0x78 ./MCAL/DIO/atmega32_DIO.o
                0x00001542                DIO_setupPortDirection
 .text.DIO_writePin
                0x000015ba      0x1e2 ./MCAL/DIO/atmega32_DIO.o
                0x000015ba                DIO_writePin
 .text.DIO_readPin
                0x0000179c      0x16a ./MCAL/DIO/atmega32_DIO.o
                0x0000179c                DIO_readPin
 .text.DIO_writePort
                0x00001906       0x78 ./MCAL/DIO/atmega32_DIO.o
                0x00001906                DIO_writePort
 .text.DIO_readPort
                0x0000197e       0x78 ./MCAL/DIO/atmega32_DIO.o
                0x0000197e                DIO_readPort
 .text.DIO_TogglePin
                0x000019f6       0xf8 ./MCAL/DIO/atmega32_DIO.o
                0x000019f6                DIO_TogglePin
 .text.__vector_16
                0x00001aee       0x52 ./MCAL/ADC/Adc.o
                0x00001aee                __vector_16
 .text.ADC_Init
                0x00001b40       0xb4 ./MCAL/ADC/Adc.o
                0x00001b40                ADC_Init
 .text.ADC_readChannel_polling
                0x00001bf4       0xb4 ./MCAL/ADC/Adc.o
                0x00001bf4                ADC_readChannel_polling
 .text.ADC_readChannel_interrupt
                0x00001ca8       0x7c ./MCAL/ADC/Adc.o
                0x00001ca8                ADC_readChannel_interrupt
 .text.ADC_DeInit
                0x00001d24       0x4e ./MCAL/ADC/Adc.o
                0x00001d24                ADC_DeInit
 .text.LED_Init
                0x00001d72       0x96 ./HAL/LED/LED.o
                0x00001d72                LED_Init
 .text.LED_Init_All
                0x00001e08       0x28 ./HAL/LED/LED.o
                0x00001e08                LED_Init_All
 .text.LED_on   0x00001e30       0x6e ./HAL/LED/LED.o
                0x00001e30                LED_on
 .text.LED_Off  0x00001e9e       0x6e ./HAL/LED/LED.o
                0x00001e9e                LED_Off
 .text.LED_Toggle
                0x00001f0c       0x66 ./HAL/LED/LED.o
                0x00001f0c                LED_Toggle
 .text.LED_Check
                0x00001f72       0x72 ./HAL/LED/LED.o
                0x00001f72                LED_Check
 .text.LED_All_Off
                0x00001fe4       0x38 ./HAL/LED/LED.o
                0x00001fe4                LED_All_Off
 .text.LDR_vidLDRInit
                0x0000201c       0x22 ./HAL/LDR/LDR.o
                0x0000201c                LDR_vidLDRInit
 .text.LDR_u16GetLDRReadingSync
                0x0000203e       0x76 ./HAL/LDR/LDR.o
                0x0000203e                LDR_u16GetLDRReadingSync
 .text.LCD_init
                0x000020b4      0x2d8 ./HAL/LCD/AVR_LCD.o
                0x000020b4                LCD_init
 .text.LCD_sendCommand
                0x0000238c      0xd26 ./HAL/LCD/AVR_LCD.o
                0x0000238c                LCD_sendCommand
 .text.LCD_displayCharacter
                0x000030b2      0xd26 ./HAL/LCD/AVR_LCD.o
                0x000030b2                LCD_displayCharacter
 .text.LCD_displayString
                0x00003dd8       0x56 ./HAL/LCD/AVR_LCD.o
                0x00003dd8                LCD_displayString
 .text.LCD_clearScreen
                0x00003e2e       0x16 ./HAL/LCD/AVR_LCD.o
                0x00003e2e                LCD_clearScreen
 .text.LCD_moveCursor
                0x00003e44       0x70 ./HAL/LCD/AVR_LCD.o
                0x00003e44                LCD_moveCursor
 .text.LCD_displayStringRowColumn
                0x00003eb4       0x34 ./HAL/LCD/AVR_LCD.o
                0x00003eb4                LCD_displayStringRowColumn
 .text.LCD_integerToString
                0x00003ee8       0x48 ./HAL/LCD/AVR_LCD.o
                0x00003ee8                LCD_integerToString
 .text.LCD_displayIntegerRowColumn
                0x00003f30       0x54 ./HAL/LCD/AVR_LCD.o
                0x00003f30                LCD_displayIntegerRowColumn
 .text.KeyPad_Init
                0x00003f84       0x88 ./HAL/Keypad/keypad.o
                0x00003f84                KeyPad_Init
 .text.GetPresseKey
                0x0000400c      0x2ba ./HAL/Keypad/keypad.o
                0x0000400c                GetPresseKey
 .text.Button_init
                0x000042c6       0x4a ./HAL/Button/Button.o
                0x000042c6                Button_init
 .text.Button_Read
                0x00004310      0x192 ./HAL/Button/Button.o
                0x00004310                Button_Read
 .text.Buzzer_Init
                0x000044a2       0x1a ./HAL/BUZZER/Buzzer.o
                0x000044a2                Buzzer_Init
 .text.Buzzer_TurnOnOff
                0x000044bc       0x20 ./HAL/BUZZER/Buzzer.o
                0x000044bc                Buzzer_TurnOnOff
 .text.App_Init
                0x000044dc       0x5e ./Application/App.o
                0x000044dc                App_Init
 .text.App      0x0000453a      0x1f0 ./Application/App.o
                0x0000453a                App
 .text.App_setAlarm
                0x0000472a      0x4a0 ./Application/App.o
                0x0000472a                App_setAlarm
 .text.App_cancelAlarm
                0x00004bca      0x4ee ./Application/App.o
                0x00004bca                App_cancelAlarm
 .text.Interrupt_function
                0x000050b8       0xc6 ./Application/App.o
                0x000050b8                Interrupt_function
 .text.alarmAction
                0x0000517e      0x604 ./Application/App.o
                0x0000517e                alarmAction
 .text.WakeUpCalculator
                0x00005782      0x436 ./Application/App.o
                0x00005782                WakeUpCalculator
 .text.App_listAlarm
                0x00005bb8      0x154 ./Application/App.o
                0x00005bb8                App_listAlarm
 .text.LEDdimmingOverFlow
                0x00005d0c       0x98 ./Application/App.o
                0x00005d0c                LEDdimmingOverFlow
 .text.LEDdimmingCompareMatch
                0x00005da4       0x28 ./Application/App.o
                0x00005da4                LEDdimmingCompareMatch
 .text.App_welcomeScreen
                0x00005dcc      0xedc ./Application/App.o
                0x00005dcc                App_welcomeScreen
 .text.main     0x00006ca8       0x1a ./main.o
                0x00006ca8                main
 .text.libgcc.mul
                0x00006cc2        0x0 /usr/local/Cellar/avr-gcc@9/9.4.0/lib/avr-gcc/9/gcc/avr/9.4.0/avr5/libgcc.a(_exit.o)
 .text.libgcc.div
                0x00006cc2        0x0 /usr/local/Cellar/avr-gcc@9/9.4.0/lib/avr-gcc/9/gcc/avr/9.4.0/avr5/libgcc.a(_exit.o)
 .text.libgcc   0x00006cc2        0x0 /usr/local/Cellar/avr-gcc@9/9.4.0/lib/avr-gcc/9/gcc/avr/9.4.0/avr5/libgcc.a(_exit.o)
 .text.libgcc.prologue
                0x00006cc2        0x0 /usr/local/Cellar/avr-gcc@9/9.4.0/lib/avr-gcc/9/gcc/avr/9.4.0/avr5/libgcc.a(_exit.o)
 .text.libgcc.builtins
                0x00006cc2        0x0 /usr/local/Cellar/avr-gcc@9/9.4.0/lib/avr-gcc/9/gcc/avr/9.4.0/avr5/libgcc.a(_exit.o)
 .text.libgcc.fmul
                0x00006cc2        0x0 /usr/local/Cellar/avr-gcc@9/9.4.0/lib/avr-gcc/9/gcc/avr/9.4.0/avr5/libgcc.a(_exit.o)
 .text.libgcc.fixed
                0x00006cc2        0x0 /usr/local/Cellar/avr-gcc@9/9.4.0/lib/avr-gcc/9/gcc/avr/9.4.0/avr5/libgcc.a(_exit.o)
 .text.libgcc.mul
                0x00006cc2        0x0 /usr/local/Cellar/avr-gcc@9/9.4.0/lib/avr-gcc/9/gcc/avr/9.4.0/avr5/libgcc.a(_copy_data.o)
 .text.libgcc.div
                0x00006cc2        0x0 /usr/local/Cellar/avr-gcc@9/9.4.0/lib/avr-gcc/9/gcc/avr/9.4.0/avr5/libgcc.a(_copy_data.o)
 .text.libgcc   0x00006cc2        0x0 /usr/local/Cellar/avr-gcc@9/9.4.0/lib/avr-gcc/9/gcc/avr/9.4.0/avr5/libgcc.a(_copy_data.o)
 .text.libgcc.prologue
                0x00006cc2        0x0 /usr/local/Cellar/avr-gcc@9/9.4.0/lib/avr-gcc/9/gcc/avr/9.4.0/avr5/libgcc.a(_copy_data.o)
 .text.libgcc.builtins
                0x00006cc2        0x0 /usr/local/Cellar/avr-gcc@9/9.4.0/lib/avr-gcc/9/gcc/avr/9.4.0/avr5/libgcc.a(_copy_data.o)
 .text.libgcc.fmul
                0x00006cc2        0x0 /usr/local/Cellar/avr-gcc@9/9.4.0/lib/avr-gcc/9/gcc/avr/9.4.0/avr5/libgcc.a(_copy_data.o)
 .text.libgcc.fixed
                0x00006cc2        0x0 /usr/local/Cellar/avr-gcc@9/9.4.0/lib/avr-gcc/9/gcc/avr/9.4.0/avr5/libgcc.a(_copy_data.o)
 .text.libgcc.mul
                0x00006cc2        0x0 /usr/local/Cellar/avr-gcc@9/9.4.0/lib/avr-gcc/9/gcc/avr/9.4.0/avr5/libgcc.a(_clear_bss.o)
 .text.libgcc.div
                0x00006cc2        0x0 /usr/local/Cellar/avr-gcc@9/9.4.0/lib/avr-gcc/9/gcc/avr/9.4.0/avr5/libgcc.a(_clear_bss.o)
 .text.libgcc   0x00006cc2        0x0 /usr/local/Cellar/avr-gcc@9/9.4.0/lib/avr-gcc/9/gcc/avr/9.4.0/avr5/libgcc.a(_clear_bss.o)
 .text.libgcc.prologue
                0x00006cc2        0x0 /usr/local/Cellar/avr-gcc@9/9.4.0/lib/avr-gcc/9/gcc/avr/9.4.0/avr5/libgcc.a(_clear_bss.o)
 .text.libgcc.builtins
                0x00006cc2        0x0 /usr/local/Cellar/avr-gcc@9/9.4.0/lib/avr-gcc/9/gcc/avr/9.4.0/avr5/libgcc.a(_clear_bss.o)
 .text.libgcc.fmul
                0x00006cc2        0x0 /usr/local/Cellar/avr-gcc@9/9.4.0/lib/avr-gcc/9/gcc/avr/9.4.0/avr5/libgcc.a(_clear_bss.o)
 .text.libgcc.fixed
                0x00006cc2        0x0 /usr/local/Cellar/avr-gcc@9/9.4.0/lib/avr-gcc/9/gcc/avr/9.4.0/avr5/libgcc.a(_clear_bss.o)
 .text.libgcc.mul
                0x00006cc2       0x16 /usr/local/Cellar/avr-gcc@9/9.4.0/lib/avr-gcc/9/gcc/avr/9.4.0/avr5/libgcc.a(_muluhisi3.o)
                0x00006cc2                __muluhisi3
 .text.libgcc.div
                0x00006cd8        0x0 /usr/local/Cellar/avr-gcc@9/9.4.0/lib/avr-gcc/9/gcc/avr/9.4.0/avr5/libgcc.a(_muluhisi3.o)
 .text.libgcc   0x00006cd8        0x0 /usr/local/Cellar/avr-gcc@9/9.4.0/lib/avr-gcc/9/gcc/avr/9.4.0/avr5/libgcc.a(_muluhisi3.o)
 .text.libgcc.prologue
                0x00006cd8        0x0 /usr/local/Cellar/avr-gcc@9/9.4.0/lib/avr-gcc/9/gcc/avr/9.4.0/avr5/libgcc.a(_muluhisi3.o)
 .text.libgcc.builtins
                0x00006cd8        0x0 /usr/local/Cellar/avr-gcc@9/9.4.0/lib/avr-gcc/9/gcc/avr/9.4.0/avr5/libgcc.a(_muluhisi3.o)
 .text.libgcc.fmul
                0x00006cd8        0x0 /usr/local/Cellar/avr-gcc@9/9.4.0/lib/avr-gcc/9/gcc/avr/9.4.0/avr5/libgcc.a(_muluhisi3.o)
 .text.libgcc.fixed
                0x00006cd8        0x0 /usr/local/Cellar/avr-gcc@9/9.4.0/lib/avr-gcc/9/gcc/avr/9.4.0/avr5/libgcc.a(_muluhisi3.o)
 .text.libgcc.mul
                0x00006cd8       0x1e /usr/local/Cellar/avr-gcc@9/9.4.0/lib/avr-gcc/9/gcc/avr/9.4.0/avr5/libgcc.a(_umulhisi3.o)
                0x00006cd8                __umulhisi3
 .text.libgcc.div
                0x00006cf6        0x0 /usr/local/Cellar/avr-gcc@9/9.4.0/lib/avr-gcc/9/gcc/avr/9.4.0/avr5/libgcc.a(_umulhisi3.o)
 .text.libgcc   0x00006cf6        0x0 /usr/local/Cellar/avr-gcc@9/9.4.0/lib/avr-gcc/9/gcc/avr/9.4.0/avr5/libgcc.a(_umulhisi3.o)
 .text.libgcc.prologue
                0x00006cf6        0x0 /usr/local/Cellar/avr-gcc@9/9.4.0/lib/avr-gcc/9/gcc/avr/9.4.0/avr5/libgcc.a(_umulhisi3.o)
 .text.libgcc.builtins
                0x00006cf6        0x0 /usr/local/Cellar/avr-gcc@9/9.4.0/lib/avr-gcc/9/gcc/avr/9.4.0/avr5/libgcc.a(_umulhisi3.o)
 .text.libgcc.fmul
                0x00006cf6        0x0 /usr/local/Cellar/avr-gcc@9/9.4.0/lib/avr-gcc/9/gcc/avr/9.4.0/avr5/libgcc.a(_umulhisi3.o)
 .text.libgcc.fixed
                0x00006cf6        0x0 /usr/local/Cellar/avr-gcc@9/9.4.0/lib/avr-gcc/9/gcc/avr/9.4.0/avr5/libgcc.a(_umulhisi3.o)
 .text.avr-libc.fplib
                0x00006cf6        0xe /usr/local/Cellar/avr-gcc@9/9.4.0/lib/avr-gcc/9/gcc/avr/9.4.0/../../../../../../avr/lib/avr5/libm.a(addsf3.o)
                0x00006cf6                __subsf3
                0x00006cf8                __addsf3
 .text.avr-libc.fplib
                0x00006d04       0xcc /usr/local/Cellar/avr-gcc@9/9.4.0/lib/avr-gcc/9/gcc/avr/9.4.0/../../../../../../avr/lib/avr5/libm.a(addsf3x.o)
                0x00006d26                __addsf3x
 .text.avr-libc.fplib
                0x00006dd0        0xa /usr/local/Cellar/avr-gcc@9/9.4.0/lib/avr-gcc/9/gcc/avr/9.4.0/../../../../../../avr/lib/avr5/libm.a(cmpsf2.o)
                0x00006dd0                __lesf2
                0x00006dd0                __nesf2
                0x00006dd0                __eqsf2
                0x00006dd0                __cmpsf2
                0x00006dd0                __ltsf2
 .text.avr-libc.fplib
                0x00006dda        0x8 /usr/local/Cellar/avr-gcc@9/9.4.0/lib/avr-gcc/9/gcc/avr/9.4.0/../../../../../../avr/lib/avr5/libm.a(divsf3.o)
                0x00006dda                __divsf3
 .text.avr-libc.fplib
                0x00006de2       0xdc /usr/local/Cellar/avr-gcc@9/9.4.0/lib/avr-gcc/9/gcc/avr/9.4.0/../../../../../../avr/lib/avr5/libm.a(divsf3x.o)
                0x00006e02                __divsf3x
                0x00006e08                __divsf3_pse
 .text.avr-libc.fplib
                0x00006ebe       0x5e /usr/local/Cellar/avr-gcc@9/9.4.0/lib/avr-gcc/9/gcc/avr/9.4.0/../../../../../../avr/lib/avr5/libm.a(fixunssfsi.o)
                0x00006ebe                __fixunssfsi
 .text.avr-libc.fplib
                0x00006f1c       0x7a /usr/local/Cellar/avr-gcc@9/9.4.0/lib/avr-gcc/9/gcc/avr/9.4.0/../../../../../../avr/lib/avr5/libm.a(floatsisf.o)
                0x00006f1c                __floatunsisf
                0x00006f20                __floatsisf
 .text.avr-libc.fplib
                0x00006f96       0x48 /usr/local/Cellar/avr-gcc@9/9.4.0/lib/avr-gcc/9/gcc/avr/9.4.0/../../../../../../avr/lib/avr5/libm.a(fp_cmp.o)
                0x00006f96                __fp_cmp
 .text.avr-libc.fplib
                0x00006fde        0xc /usr/local/Cellar/avr-gcc@9/9.4.0/lib/avr-gcc/9/gcc/avr/9.4.0/../../../../../../avr/lib/avr5/libm.a(fp_inf.o)
                0x00006fde                __fp_inf
 .text.avr-libc.fplib
                0x00006fea        0x6 /usr/local/Cellar/avr-gcc@9/9.4.0/lib/avr-gcc/9/gcc/avr/9.4.0/../../../../../../avr/lib/avr5/libm.a(fp_nan.o)
                0x00006fea                __fp_nan
 .text.avr-libc.fplib
                0x00006ff0        0xe /usr/local/Cellar/avr-gcc@9/9.4.0/lib/avr-gcc/9/gcc/avr/9.4.0/../../../../../../avr/lib/avr5/libm.a(fp_pscA.o)
                0x00006ff0                __fp_pscA
 .text.avr-libc.fplib
                0x00006ffe        0xe /usr/local/Cellar/avr-gcc@9/9.4.0/lib/avr-gcc/9/gcc/avr/9.4.0/../../../../../../avr/lib/avr5/libm.a(fp_pscB.o)
                0x00006ffe                __fp_pscB
 .text.avr-libc.fplib
                0x0000700c       0x22 /usr/local/Cellar/avr-gcc@9/9.4.0/lib/avr-gcc/9/gcc/avr/9.4.0/../../../../../../avr/lib/avr5/libm.a(fp_round.o)
                0x0000700c                __fp_round
 .text.avr-libc.fplib
                0x0000702e       0x44 /usr/local/Cellar/avr-gcc@9/9.4.0/lib/avr-gcc/9/gcc/avr/9.4.0/../../../../../../avr/lib/avr5/libm.a(fp_split3.o)
                0x0000702e                __fp_split3
                0x0000703e                __fp_splitA
 .text.avr-libc.fplib
                0x00007072        0xe /usr/local/Cellar/avr-gcc@9/9.4.0/lib/avr-gcc/9/gcc/avr/9.4.0/../../../../../../avr/lib/avr5/libm.a(fp_zero.o)
                0x00007072                __fp_zero
                0x00007074                __fp_szero
 .text.avr-libc.fplib
                0x00007080        0xa /usr/local/Cellar/avr-gcc@9/9.4.0/lib/avr-gcc/9/gcc/avr/9.4.0/../../../../../../avr/lib/avr5/libm.a(gesf2.o)
                0x00007080                __gtsf2
                0x00007080                __gesf2
 .text.avr-libc.fplib
                0x0000708a        0x8 /usr/local/Cellar/avr-gcc@9/9.4.0/lib/avr-gcc/9/gcc/avr/9.4.0/../../../../../../avr/lib/avr5/libm.a(mulsf3.o)
                0x0000708a                __mulsf3
 .text.avr-libc.fplib
                0x00007092       0xd2 /usr/local/Cellar/avr-gcc@9/9.4.0/lib/avr-gcc/9/gcc/avr/9.4.0/../../../../../../avr/lib/avr5/libm.a(mulsf3x.o)
                0x000070b0                __mulsf3x
                0x000070b6                __mulsf3_pse
 .text.avr-libc
                0x00007164       0x16 /usr/local/Cellar/avr-gcc@9/9.4.0/lib/avr-gcc/9/gcc/avr/9.4.0/../../../../../../avr/lib/avr5/libc.a(itoa.o)
                0x00007164                itoa
                0x00007164                __itoa
 .text.avr-libc
                0x0000717a       0x16 /usr/local/Cellar/avr-gcc@9/9.4.0/lib/avr-gcc/9/gcc/avr/9.4.0/../../../../../../avr/lib/avr5/libc.a(itoa_ncheck.o)
                0x0000717a                __itoa_ncheck
 .text.avr-libc
                0x00007190       0x34 /usr/local/Cellar/avr-gcc@9/9.4.0/lib/avr-gcc/9/gcc/avr/9.4.0/../../../../../../avr/lib/avr5/libc.a(utoa_ncheck.o)
                0x00007190                __utoa_ncheck
                0x00007192                __utoa_common
 .text.avr-libc
                0x000071c4       0x20 /usr/local/Cellar/avr-gcc@9/9.4.0/lib/avr-gcc/9/gcc/avr/9.4.0/../../../../../../avr/lib/avr5/libc.a(strrev.o)
                0x000071c4                strrev
                0x000071e4                        . = ALIGN (0x2)
 *(.fini9)
 .fini9         0x000071e4        0x0 /usr/local/Cellar/avr-gcc@9/9.4.0/lib/avr-gcc/9/gcc/avr/9.4.0/avr5/libgcc.a(_exit.o)
                0x000071e4                exit
                0x000071e4                _exit
 *(.fini9)
 *(.fini8)
 *(.fini8)
 *(.fini7)
 *(.fini7)
 *(.fini6)
 *(.fini6)
 *(.fini5)
 *(.fini5)
 *(.fini4)
 *(.fini4)
 *(.fini3)
 *(.fini3)
 *(.fini2)
 *(.fini2)
 *(.fini1)
 *(.fini1)
 *(.fini0)
 .fini0         0x000071e4        0x4 /usr/local/Cellar/avr-gcc@9/9.4.0/lib/avr-gcc/9/gcc/avr/9.4.0/avr5/libgcc.a(_exit.o)
 *(.fini0)
 *(.hightext)
 *(.hightext*)
 *(.progmemx.*)
                0x000071e8                        . = ALIGN (0x2)
 *(.jumptables)
 *(.jumptables*)
                0x000071e8                        _etext = .

.data           0x00800060      0x2a6 load address 0x000071e8
                0x00800060                        PROVIDE (__data_start = .)
 *(.data)
 .data          0x00800060        0x0 /usr/local/Cellar/avr-gcc@9/9.4.0/lib/avr-gcc/9/gcc/avr/9.4.0/../../../../../../avr/lib/avr5/crtatmega32.o
 .data          0x00800060        0x0 ./MCAL/Timer1/Timer1.o
 .data          0x00800060        0x0 ./MCAL/Timer0/Timer0.o
 .data          0x00800060        0x0 ./MCAL/Interrupt/atmega32_Interrupts.o
 .data          0x00800060        0x0 ./MCAL/DIO/atmega32_DIO.o
 .data          0x00800060        0x0 ./MCAL/ADC/Adc.o
 .data          0x00800060        0x0 ./HAL/LED/LED.o
 .data          0x00800060        0x0 ./HAL/LDR/LDR.o
 .data          0x00800060        0x0 ./HAL/LCD/AVR_LCD.o
 .data          0x00800060        0x0 ./HAL/Keypad/keypad.o
 .data          0x00800060        0x0 ./HAL/Button/Button.o
 .data          0x00800060        0x0 ./HAL/BUZZER/Buzzer.o
 .data          0x00800060        0x0 ./Application/App.o
 .data          0x00800060        0x0 ./main.o
 .data          0x00800060        0x0 /usr/local/Cellar/avr-gcc@9/9.4.0/lib/avr-gcc/9/gcc/avr/9.4.0/avr5/libgcc.a(_exit.o)
 .data          0x00800060        0x0 /usr/local/Cellar/avr-gcc@9/9.4.0/lib/avr-gcc/9/gcc/avr/9.4.0/avr5/libgcc.a(_copy_data.o)
 .data          0x00800060        0x0 /usr/local/Cellar/avr-gcc@9/9.4.0/lib/avr-gcc/9/gcc/avr/9.4.0/avr5/libgcc.a(_clear_bss.o)
 .data          0x00800060        0x0 /usr/local/Cellar/avr-gcc@9/9.4.0/lib/avr-gcc/9/gcc/avr/9.4.0/avr5/libgcc.a(_muluhisi3.o)
 .data          0x00800060        0x0 /usr/local/Cellar/avr-gcc@9/9.4.0/lib/avr-gcc/9/gcc/avr/9.4.0/avr5/libgcc.a(_umulhisi3.o)
 .data          0x00800060        0x0 /usr/local/Cellar/avr-gcc@9/9.4.0/lib/avr-gcc/9/gcc/avr/9.4.0/../../../../../../avr/lib/avr5/libm.a(addsf3.o)
 .data          0x00800060        0x0 /usr/local/Cellar/avr-gcc@9/9.4.0/lib/avr-gcc/9/gcc/avr/9.4.0/../../../../../../avr/lib/avr5/libm.a(addsf3x.o)
 .data          0x00800060        0x0 /usr/local/Cellar/avr-gcc@9/9.4.0/lib/avr-gcc/9/gcc/avr/9.4.0/../../../../../../avr/lib/avr5/libm.a(cmpsf2.o)
 .data          0x00800060        0x0 /usr/local/Cellar/avr-gcc@9/9.4.0/lib/avr-gcc/9/gcc/avr/9.4.0/../../../../../../avr/lib/avr5/libm.a(divsf3.o)
 .data          0x00800060        0x0 /usr/local/Cellar/avr-gcc@9/9.4.0/lib/avr-gcc/9/gcc/avr/9.4.0/../../../../../../avr/lib/avr5/libm.a(divsf3x.o)
 .data          0x00800060        0x0 /usr/local/Cellar/avr-gcc@9/9.4.0/lib/avr-gcc/9/gcc/avr/9.4.0/../../../../../../avr/lib/avr5/libm.a(fixunssfsi.o)
 .data          0x00800060        0x0 /usr/local/Cellar/avr-gcc@9/9.4.0/lib/avr-gcc/9/gcc/avr/9.4.0/../../../../../../avr/lib/avr5/libm.a(floatsisf.o)
 .data          0x00800060        0x0 /usr/local/Cellar/avr-gcc@9/9.4.0/lib/avr-gcc/9/gcc/avr/9.4.0/../../../../../../avr/lib/avr5/libm.a(fp_cmp.o)
 .data          0x00800060        0x0 /usr/local/Cellar/avr-gcc@9/9.4.0/lib/avr-gcc/9/gcc/avr/9.4.0/../../../../../../avr/lib/avr5/libm.a(fp_inf.o)
 .data          0x00800060        0x0 /usr/local/Cellar/avr-gcc@9/9.4.0/lib/avr-gcc/9/gcc/avr/9.4.0/../../../../../../avr/lib/avr5/libm.a(fp_nan.o)
 .data          0x00800060        0x0 /usr/local/Cellar/avr-gcc@9/9.4.0/lib/avr-gcc/9/gcc/avr/9.4.0/../../../../../../avr/lib/avr5/libm.a(fp_pscA.o)
 .data          0x00800060        0x0 /usr/local/Cellar/avr-gcc@9/9.4.0/lib/avr-gcc/9/gcc/avr/9.4.0/../../../../../../avr/lib/avr5/libm.a(fp_pscB.o)
 .data          0x00800060        0x0 /usr/local/Cellar/avr-gcc@9/9.4.0/lib/avr-gcc/9/gcc/avr/9.4.0/../../../../../../avr/lib/avr5/libm.a(fp_round.o)
 .data          0x00800060        0x0 /usr/local/Cellar/avr-gcc@9/9.4.0/lib/avr-gcc/9/gcc/avr/9.4.0/../../../../../../avr/lib/avr5/libm.a(fp_split3.o)
 .data          0x00800060        0x0 /usr/local/Cellar/avr-gcc@9/9.4.0/lib/avr-gcc/9/gcc/avr/9.4.0/../../../../../../avr/lib/avr5/libm.a(fp_zero.o)
 .data          0x00800060        0x0 /usr/local/Cellar/avr-gcc@9/9.4.0/lib/avr-gcc/9/gcc/avr/9.4.0/../../../../../../avr/lib/avr5/libm.a(gesf2.o)
 .data          0x00800060        0x0 /usr/local/Cellar/avr-gcc@9/9.4.0/lib/avr-gcc/9/gcc/avr/9.4.0/../../../../../../avr/lib/avr5/libm.a(mulsf3.o)
 .data          0x00800060        0x0 /usr/local/Cellar/avr-gcc@9/9.4.0/lib/avr-gcc/9/gcc/avr/9.4.0/../../../../../../avr/lib/avr5/libm.a(mulsf3x.o)
 .data          0x00800060        0x0 /usr/local/Cellar/avr-gcc@9/9.4.0/lib/avr-gcc/9/gcc/avr/9.4.0/../../../../../../avr/lib/avr5/libc.a(itoa.o)
 .data          0x00800060        0x0 /usr/local/Cellar/avr-gcc@9/9.4.0/lib/avr-gcc/9/gcc/avr/9.4.0/../../../../../../avr/lib/avr5/libc.a(itoa_ncheck.o)
 .data          0x00800060        0x0 /usr/local/Cellar/avr-gcc@9/9.4.0/lib/avr-gcc/9/gcc/avr/9.4.0/../../../../../../avr/lib/avr5/libc.a(utoa_ncheck.o)
 .data          0x00800060        0x0 /usr/local/Cellar/avr-gcc@9/9.4.0/lib/avr-gcc/9/gcc/avr/9.4.0/../../../../../../avr/lib/avr5/libc.a(strrev.o)
 *(.data*)
 .data.Global_float32Timer1OverflowTime
                0x00800060        0x4 ./MCAL/Timer1/Timer1.o
 .data.Global_f32Timer0OverflowTime
                0x00800064        0x4 ./MCAL/Timer0/Timer0.o
 .data.Config   0x00800068        0x2 ./HAL/LDR/LDR.o
                0x00800068                Config
 .data.ArrOfRows
                0x0080006a        0x4 ./HAL/Keypad/keypad.o
                0x0080006a                ArrOfRows
 .data.ArrOfCols
                0x0080006e        0x4 ./HAL/Keypad/keypad.o
                0x0080006e                ArrOfCols
 .data.g_alarm_cnt
                0x00800072        0x1 ./Application/App.o
                0x00800072                g_alarm_cnt
 .data.Increasing
                0x00800073        0x1 ./Application/App.o
                0x00800073                Increasing
 .data.alarmMessages
                0x00800074        0x8 ./Application/App.o
                0x00800074                alarmMessages
 .data.DUTY.2211
                0x0080007c        0x1 ./Application/App.o
 *(.gnu.linkonce.d*)
 *(.rodata)
 .rodata        0x0080007d      0x279 ./Application/App.o
 *(.rodata*)
 .rodata.KeyPad_Values
                0x008002f6       0x10 ./HAL/Keypad/keypad.o
                0x008002f6                KeyPad_Values
 *(.gnu.linkonce.r*)
                0x00800306                        . = ALIGN (0x2)
                0x00800306                        _edata = .
                0x00800306                        PROVIDE (__data_end = .)

.bss            0x00800306       0x45
                0x00800306                        PROVIDE (__bss_start = .)
 *(.bss)
 .bss           0x00800306        0x0 /usr/local/Cellar/avr-gcc@9/9.4.0/lib/avr-gcc/9/gcc/avr/9.4.0/../../../../../../avr/lib/avr5/crtatmega32.o
 .bss           0x00800306        0x0 ./MCAL/Timer1/Timer1.o
 .bss           0x00800306        0x0 ./MCAL/Timer0/Timer0.o
 .bss           0x00800306        0x0 ./MCAL/Interrupt/atmega32_Interrupts.o
 .bss           0x00800306        0x0 ./MCAL/DIO/atmega32_DIO.o
 .bss           0x00800306        0x0 ./MCAL/ADC/Adc.o
 .bss           0x00800306        0x0 ./HAL/LED/LED.o
 .bss           0x00800306        0x0 ./HAL/LDR/LDR.o
 .bss           0x00800306        0x0 ./HAL/LCD/AVR_LCD.o
 .bss           0x00800306        0x0 ./HAL/Keypad/keypad.o
 .bss           0x00800306        0x0 ./HAL/Button/Button.o
 .bss           0x00800306        0x0 ./HAL/BUZZER/Buzzer.o
 .bss           0x00800306        0x0 ./Application/App.o
 .bss           0x00800306        0x0 ./main.o
 .bss           0x00800306        0x0 /usr/local/Cellar/avr-gcc@9/9.4.0/lib/avr-gcc/9/gcc/avr/9.4.0/avr5/libgcc.a(_exit.o)
 .bss           0x00800306        0x0 /usr/local/Cellar/avr-gcc@9/9.4.0/lib/avr-gcc/9/gcc/avr/9.4.0/avr5/libgcc.a(_copy_data.o)
 .bss           0x00800306        0x0 /usr/local/Cellar/avr-gcc@9/9.4.0/lib/avr-gcc/9/gcc/avr/9.4.0/avr5/libgcc.a(_clear_bss.o)
 .bss           0x00800306        0x0 /usr/local/Cellar/avr-gcc@9/9.4.0/lib/avr-gcc/9/gcc/avr/9.4.0/avr5/libgcc.a(_muluhisi3.o)
 .bss           0x00800306        0x0 /usr/local/Cellar/avr-gcc@9/9.4.0/lib/avr-gcc/9/gcc/avr/9.4.0/avr5/libgcc.a(_umulhisi3.o)
 .bss           0x00800306        0x0 /usr/local/Cellar/avr-gcc@9/9.4.0/lib/avr-gcc/9/gcc/avr/9.4.0/../../../../../../avr/lib/avr5/libm.a(addsf3.o)
 .bss           0x00800306        0x0 /usr/local/Cellar/avr-gcc@9/9.4.0/lib/avr-gcc/9/gcc/avr/9.4.0/../../../../../../avr/lib/avr5/libm.a(addsf3x.o)
 .bss           0x00800306        0x0 /usr/local/Cellar/avr-gcc@9/9.4.0/lib/avr-gcc/9/gcc/avr/9.4.0/../../../../../../avr/lib/avr5/libm.a(cmpsf2.o)
 .bss           0x00800306        0x0 /usr/local/Cellar/avr-gcc@9/9.4.0/lib/avr-gcc/9/gcc/avr/9.4.0/../../../../../../avr/lib/avr5/libm.a(divsf3.o)
 .bss           0x00800306        0x0 /usr/local/Cellar/avr-gcc@9/9.4.0/lib/avr-gcc/9/gcc/avr/9.4.0/../../../../../../avr/lib/avr5/libm.a(divsf3x.o)
 .bss           0x00800306        0x0 /usr/local/Cellar/avr-gcc@9/9.4.0/lib/avr-gcc/9/gcc/avr/9.4.0/../../../../../../avr/lib/avr5/libm.a(fixunssfsi.o)
 .bss           0x00800306        0x0 /usr/local/Cellar/avr-gcc@9/9.4.0/lib/avr-gcc/9/gcc/avr/9.4.0/../../../../../../avr/lib/avr5/libm.a(floatsisf.o)
 .bss           0x00800306        0x0 /usr/local/Cellar/avr-gcc@9/9.4.0/lib/avr-gcc/9/gcc/avr/9.4.0/../../../../../../avr/lib/avr5/libm.a(fp_cmp.o)
 .bss           0x00800306        0x0 /usr/local/Cellar/avr-gcc@9/9.4.0/lib/avr-gcc/9/gcc/avr/9.4.0/../../../../../../avr/lib/avr5/libm.a(fp_inf.o)
 .bss           0x00800306        0x0 /usr/local/Cellar/avr-gcc@9/9.4.0/lib/avr-gcc/9/gcc/avr/9.4.0/../../../../../../avr/lib/avr5/libm.a(fp_nan.o)
 .bss           0x00800306        0x0 /usr/local/Cellar/avr-gcc@9/9.4.0/lib/avr-gcc/9/gcc/avr/9.4.0/../../../../../../avr/lib/avr5/libm.a(fp_pscA.o)
 .bss           0x00800306        0x0 /usr/local/Cellar/avr-gcc@9/9.4.0/lib/avr-gcc/9/gcc/avr/9.4.0/../../../../../../avr/lib/avr5/libm.a(fp_pscB.o)
 .bss           0x00800306        0x0 /usr/local/Cellar/avr-gcc@9/9.4.0/lib/avr-gcc/9/gcc/avr/9.4.0/../../../../../../avr/lib/avr5/libm.a(fp_round.o)
 .bss           0x00800306        0x0 /usr/local/Cellar/avr-gcc@9/9.4.0/lib/avr-gcc/9/gcc/avr/9.4.0/../../../../../../avr/lib/avr5/libm.a(fp_split3.o)
 .bss           0x00800306        0x0 /usr/local/Cellar/avr-gcc@9/9.4.0/lib/avr-gcc/9/gcc/avr/9.4.0/../../../../../../avr/lib/avr5/libm.a(fp_zero.o)
 .bss           0x00800306        0x0 /usr/local/Cellar/avr-gcc@9/9.4.0/lib/avr-gcc/9/gcc/avr/9.4.0/../../../../../../avr/lib/avr5/libm.a(gesf2.o)
 .bss           0x00800306        0x0 /usr/local/Cellar/avr-gcc@9/9.4.0/lib/avr-gcc/9/gcc/avr/9.4.0/../../../../../../avr/lib/avr5/libm.a(mulsf3.o)
 .bss           0x00800306        0x0 /usr/local/Cellar/avr-gcc@9/9.4.0/lib/avr-gcc/9/gcc/avr/9.4.0/../../../../../../avr/lib/avr5/libm.a(mulsf3x.o)
 .bss           0x00800306        0x0 /usr/local/Cellar/avr-gcc@9/9.4.0/lib/avr-gcc/9/gcc/avr/9.4.0/../../../../../../avr/lib/avr5/libc.a(itoa.o)
 .bss           0x00800306        0x0 /usr/local/Cellar/avr-gcc@9/9.4.0/lib/avr-gcc/9/gcc/avr/9.4.0/../../../../../../avr/lib/avr5/libc.a(itoa_ncheck.o)
 .bss           0x00800306        0x0 /usr/local/Cellar/avr-gcc@9/9.4.0/lib/avr-gcc/9/gcc/avr/9.4.0/../../../../../../avr/lib/avr5/libc.a(utoa_ncheck.o)
 .bss           0x00800306        0x0 /usr/local/Cellar/avr-gcc@9/9.4.0/lib/avr-gcc/9/gcc/avr/9.4.0/../../../../../../avr/lib/avr5/libc.a(strrev.o)
 *(.bss*)
 .bss.TIMER1_pvOverflowCallbackFunc
                0x00800306        0x2 ./MCAL/Timer1/Timer1.o
 .bss.TIMER1_pvComapareMatchACallbackFunc
                0x00800308        0x2 ./MCAL/Timer1/Timer1.o
 .bss.TIMER1_pvComapareMatchBCallbackFunc
                0x0080030a        0x2 ./MCAL/Timer1/Timer1.o
 .bss.TIMER1_pvCaptureEventCallbackFunc
                0x0080030c        0x2 ./MCAL/Timer1/Timer1.o
 .bss.TIMER0_pvOverflowCallbakFunc
                0x0080030e        0x2 ./MCAL/Timer0/Timer0.o
 .bss.TIMER0_pvComapareMatchCallbakFunc
                0x00800310        0x2 ./MCAL/Timer0/Timer0.o
 .bss.g_timer0Overflow_cnt
                0x00800312        0x1 ./Application/App.o
                0x00800312                g_timer0Overflow_cnt
 .bss.readingLDR
                0x00800313        0x2 ./Application/App.o
                0x00800313                readingLDR
 .bss.g_alarmHasFired
                0x00800315        0x1 ./Application/App.o
                0x00800315                g_alarmHasFired
 .bss.numOfDigits
                0x00800316        0x1 ./Application/App.o
                0x00800316                numOfDigits
 .bss.Decreasing
                0x00800317        0x1 ./Application/App.o
                0x00800317                Decreasing
 .bss.alarms    0x00800318       0x2c ./Application/App.o
                0x00800318                alarms
 *(COMMON)
 COMMON         0x00800344        0x2 ./MCAL/ADC/Adc.o
                0x00800344                g_ADCBuffer
 COMMON         0x00800346        0x5 ./Application/App.o
                0x00800346                digitsArray
                0x0080034a                g_NowFiredAlarm
                0x0080034b                        PROVIDE (__bss_end = .)
                0x000071e8                        __data_load_start = LOADADDR (.data)
                0x0000748e                        __data_load_end = (__data_load_start + SIZEOF (.data))

.noinit         0x0080034b        0x0
                [!provide]                        PROVIDE (__noinit_start = .)
 *(.noinit .noinit.* .gnu.linkonce.n.*)
                [!provide]                        PROVIDE (__noinit_end = .)
                0x0080034b                        _end = .
                [!provide]                        PROVIDE (__heap_start = .)

.eeprom         0x00810000        0x0
 *(.eeprom*)
                0x00810000                        __eeprom_end = .

.fuse
 *(.fuse)
 *(.lfuse)
 *(.hfuse)
 *(.efuse)

.lock
 *(.lock*)

.signature
 *(.signature*)

.stab           0x00000000     0x9f48
 *(.stab)
 .stab          0x00000000     0x11a0 ./MCAL/Timer1/Timer1.o
 .stab          0x000011a0      0xb88 ./MCAL/Timer0/Timer0.o
                                0xb94 (size before relaxing)
 .stab          0x00001d28      0x768 ./MCAL/Interrupt/atmega32_Interrupts.o
                                0x774 (size before relaxing)
 .stab          0x00002490      0xbe8 ./MCAL/DIO/atmega32_DIO.o
                                0xd8c (size before relaxing)
 .stab          0x00003078      0x75c ./MCAL/ADC/Adc.o
                                0x768 (size before relaxing)
 .stab          0x000037d4      0x7f8 ./HAL/LED/LED.o
                                0x99c (size before relaxing)
 .stab          0x00003fcc      0x4f8 ./HAL/LDR/LDR.o
                                0x69c (size before relaxing)
 .stab          0x000044c4     0x1914 ./HAL/LCD/AVR_LCD.o
                               0x1ab8 (size before relaxing)
 .stab          0x00005dd8      0x7ec ./HAL/Keypad/keypad.o
                                0x990 (size before relaxing)
 .stab          0x000065c4      0x5a0 ./HAL/Button/Button.o
                                0x744 (size before relaxing)
 .stab          0x00006b64      0x414 ./HAL/BUZZER/Buzzer.o
                                0x5b8 (size before relaxing)
 .stab          0x00006f78     0x2c64 ./Application/App.o
                               0x2e5c (size before relaxing)
 .stab          0x00009bdc      0x36c ./main.o
                                0x690 (size before relaxing)

.stabstr        0x00000000     0x358a
 *(.stabstr)
 .stabstr       0x00000000     0x358a ./MCAL/Timer1/Timer1.o

.stab.excl
 *(.stab.excl)

.stab.exclstr
 *(.stab.exclstr)

.stab.index
 *(.stab.index)

.stab.indexstr
 *(.stab.indexstr)

.comment        0x00000000       0x24
 *(.comment)
 .comment       0x00000000       0x24 ./MCAL/Timer1/Timer1.o
                                 0x25 (size before relaxing)
 .comment       0x00000024       0x25 ./MCAL/Timer0/Timer0.o
 .comment       0x00000024       0x25 ./MCAL/Interrupt/atmega32_Interrupts.o
 .comment       0x00000024       0x25 ./MCAL/DIO/atmega32_DIO.o
 .comment       0x00000024       0x25 ./MCAL/ADC/Adc.o
 .comment       0x00000024       0x25 ./HAL/LED/LED.o
 .comment       0x00000024       0x25 ./HAL/LDR/LDR.o
 .comment       0x00000024       0x25 ./HAL/LCD/AVR_LCD.o
 .comment       0x00000024       0x25 ./HAL/Keypad/keypad.o
 .comment       0x00000024       0x25 ./HAL/Button/Button.o
 .comment       0x00000024       0x25 ./HAL/BUZZER/Buzzer.o
 .comment       0x00000024       0x25 ./Application/App.o
 .comment       0x00000024       0x25 ./main.o

.note.gnu.avr.deviceinfo
                0x00000000       0x3c
 .note.gnu.avr.deviceinfo
                0x00000000       0x3c /usr/local/Cellar/avr-gcc@9/9.4.0/lib/avr-gcc/9/gcc/avr/9.4.0/../../../../../../avr/lib/avr5/crtatmega32.o

.note.gnu.build-id
 *(.note.gnu.build-id)

.debug
 *(.debug)

.line
 *(.line)

.debug_srcinfo
 *(.debug_srcinfo)

.debug_sfnames
 *(.debug_sfnames)

.debug_aranges  0x00000000       0xa0
 *(.debug_aranges)
 .debug_aranges
                0x00000000       0x20 /usr/local/Cellar/avr-gcc@9/9.4.0/lib/avr-gcc/9/gcc/avr/9.4.0/avr5/libgcc.a(_exit.o)
 .debug_aranges
                0x00000020       0x20 /usr/local/Cellar/avr-gcc@9/9.4.0/lib/avr-gcc/9/gcc/avr/9.4.0/avr5/libgcc.a(_copy_data.o)
 .debug_aranges
                0x00000040       0x20 /usr/local/Cellar/avr-gcc@9/9.4.0/lib/avr-gcc/9/gcc/avr/9.4.0/avr5/libgcc.a(_clear_bss.o)
 .debug_aranges
                0x00000060       0x20 /usr/local/Cellar/avr-gcc@9/9.4.0/lib/avr-gcc/9/gcc/avr/9.4.0/avr5/libgcc.a(_muluhisi3.o)
 .debug_aranges
                0x00000080       0x20 /usr/local/Cellar/avr-gcc@9/9.4.0/lib/avr-gcc/9/gcc/avr/9.4.0/avr5/libgcc.a(_umulhisi3.o)

.debug_pubnames
 *(.debug_pubnames)

.debug_info     0x00000000      0x5a4
 *(.debug_info .gnu.linkonce.wi.*)
 .debug_info    0x00000000      0x4e6 /usr/local/Cellar/avr-gcc@9/9.4.0/lib/avr-gcc/9/gcc/avr/9.4.0/../../../../../../avr/lib/avr5/crtatmega32.o
 .debug_info    0x000004e6       0x26 /usr/local/Cellar/avr-gcc@9/9.4.0/lib/avr-gcc/9/gcc/avr/9.4.0/avr5/libgcc.a(_exit.o)
 .debug_info    0x0000050c       0x26 /usr/local/Cellar/avr-gcc@9/9.4.0/lib/avr-gcc/9/gcc/avr/9.4.0/avr5/libgcc.a(_copy_data.o)
 .debug_info    0x00000532       0x26 /usr/local/Cellar/avr-gcc@9/9.4.0/lib/avr-gcc/9/gcc/avr/9.4.0/avr5/libgcc.a(_clear_bss.o)
 .debug_info    0x00000558       0x26 /usr/local/Cellar/avr-gcc@9/9.4.0/lib/avr-gcc/9/gcc/avr/9.4.0/avr5/libgcc.a(_muluhisi3.o)
 .debug_info    0x0000057e       0x26 /usr/local/Cellar/avr-gcc@9/9.4.0/lib/avr-gcc/9/gcc/avr/9.4.0/avr5/libgcc.a(_umulhisi3.o)

.debug_abbrev   0x00000000      0x507
 *(.debug_abbrev)
 .debug_abbrev  0x00000000      0x4a3 /usr/local/Cellar/avr-gcc@9/9.4.0/lib/avr-gcc/9/gcc/avr/9.4.0/../../../../../../avr/lib/avr5/crtatmega32.o
 .debug_abbrev  0x000004a3       0x14 /usr/local/Cellar/avr-gcc@9/9.4.0/lib/avr-gcc/9/gcc/avr/9.4.0/avr5/libgcc.a(_exit.o)
 .debug_abbrev  0x000004b7       0x14 /usr/local/Cellar/avr-gcc@9/9.4.0/lib/avr-gcc/9/gcc/avr/9.4.0/avr5/libgcc.a(_copy_data.o)
 .debug_abbrev  0x000004cb       0x14 /usr/local/Cellar/avr-gcc@9/9.4.0/lib/avr-gcc/9/gcc/avr/9.4.0/avr5/libgcc.a(_clear_bss.o)
 .debug_abbrev  0x000004df       0x14 /usr/local/Cellar/avr-gcc@9/9.4.0/lib/avr-gcc/9/gcc/avr/9.4.0/avr5/libgcc.a(_muluhisi3.o)
 .debug_abbrev  0x000004f3       0x14 /usr/local/Cellar/avr-gcc@9/9.4.0/lib/avr-gcc/9/gcc/avr/9.4.0/avr5/libgcc.a(_umulhisi3.o)

.debug_line     0x00000000      0x2da
 *(.debug_line .debug_line.* .debug_line_end)
 .debug_line    0x00000000       0x1d /usr/local/Cellar/avr-gcc@9/9.4.0/lib/avr-gcc/9/gcc/avr/9.4.0/../../../../../../avr/lib/avr5/crtatmega32.o
 .debug_line    0x0000001d       0x61 /usr/local/Cellar/avr-gcc@9/9.4.0/lib/avr-gcc/9/gcc/avr/9.4.0/avr5/libgcc.a(_exit.o)
 .debug_line    0x0000007e       0x97 /usr/local/Cellar/avr-gcc@9/9.4.0/lib/avr-gcc/9/gcc/avr/9.4.0/avr5/libgcc.a(_copy_data.o)
 .debug_line    0x00000115       0x85 /usr/local/Cellar/avr-gcc@9/9.4.0/lib/avr-gcc/9/gcc/avr/9.4.0/avr5/libgcc.a(_clear_bss.o)
 .debug_line    0x0000019a       0x91 /usr/local/Cellar/avr-gcc@9/9.4.0/lib/avr-gcc/9/gcc/avr/9.4.0/avr5/libgcc.a(_muluhisi3.o)
 .debug_line    0x0000022b       0xaf /usr/local/Cellar/avr-gcc@9/9.4.0/lib/avr-gcc/9/gcc/avr/9.4.0/avr5/libgcc.a(_umulhisi3.o)

.debug_frame
 *(.debug_frame)

.debug_str      0x00000000      0x218
 *(.debug_str)
 .debug_str     0x00000000      0x196 /usr/local/Cellar/avr-gcc@9/9.4.0/lib/avr-gcc/9/gcc/avr/9.4.0/../../../../../../avr/lib/avr5/crtatmega32.o
 .debug_str     0x00000196       0x82 /usr/local/Cellar/avr-gcc@9/9.4.0/lib/avr-gcc/9/gcc/avr/9.4.0/avr5/libgcc.a(_exit.o)
 .debug_str     0x00000218       0x82 /usr/local/Cellar/avr-gcc@9/9.4.0/lib/avr-gcc/9/gcc/avr/9.4.0/avr5/libgcc.a(_copy_data.o)
 .debug_str     0x00000218       0x82 /usr/local/Cellar/avr-gcc@9/9.4.0/lib/avr-gcc/9/gcc/avr/9.4.0/avr5/libgcc.a(_clear_bss.o)
 .debug_str     0x00000218       0x82 /usr/local/Cellar/avr-gcc@9/9.4.0/lib/avr-gcc/9/gcc/avr/9.4.0/avr5/libgcc.a(_muluhisi3.o)
 .debug_str     0x00000218       0x82 /usr/local/Cellar/avr-gcc@9/9.4.0/lib/avr-gcc/9/gcc/avr/9.4.0/avr5/libgcc.a(_umulhisi3.o)

.debug_loc
 *(.debug_loc)

.debug_macinfo
 *(.debug_macinfo)

.debug_weaknames
 *(.debug_weaknames)

.debug_funcnames
 *(.debug_funcnames)

.debug_typenames
 *(.debug_typenames)

.debug_varnames
 *(.debug_varnames)

.debug_pubtypes
 *(.debug_pubtypes)

.debug_ranges
 *(.debug_ranges)

.debug_addr
 *(.debug_addr)

.debug_line_str
 *(.debug_line_str)

.debug_loclists
 *(.debug_loclists)

.debug_macro
 *(.debug_macro)

.debug_names
 *(.debug_names)

.debug_rnglists
 *(.debug_rnglists)

.debug_str_offsets
 *(.debug_str_offsets)

.debug_sup
 *(.debug_sup)
OUTPUT(SunRiseAlarm.elf elf32-avr)
LOAD linker stubs
